// Jest Snapshot v1, https://goo.gl/fbAQLP

exports[`should render ExpnesListItem whit Expenses 1`] = `
<div>
  <Link
    replace={false}
    to="/edit/1"
  >
    <h3>
      Gum
    </h3>
  </Link>
  <p>
    195
    -
    Thursday, January 1st 1970, 3:30:00 am
  </p>
</div>
`;
